// Jest Snapshot v1, https://goo.gl/fbAQLP

exports[`DoctorDashboard matches snapshot 1`] = `
<View
  style={
    {
      "alignItems": "center",
      "backgroundColor": "#F8FAFC",
      "flex": 1,
      "justifyContent": "center",
    }
  }
>
  <Text
    style={
      {
        "color": "#64748B",
        "fontSize": 16,
      }
    }
  >
    Loading your dashboard...
  </Text>
</View>
`;
